// Jest Snapshot v1, https://goo.gl/fbAQLP

exports[`[object Object] 1`] = `
<h1
  className="large"
>
  Titulo
</h1>
`;
